[Sun Jul  6 12:21:01 2025] install: listings
[Sun Jul  6 12:21:01 2025] command: mktexlsr
[Sun Jul  6 12:21:46 2025] install: anysize
[Sun Jul  6 12:21:46 2025] command: mktexlsr
[Sun Jul  6 12:22:19 2025] install: catchfile
[Sun Jul  6 12:22:20 2025] install: fancyvrb
[Sun Jul  6 12:22:21 2025] install: float
[Sun Jul  6 12:22:22 2025] install: fp
[Sun Jul  6 12:22:23 2025] install: fvextra
[Sun Jul  6 12:22:25 2025] install: latex2pydata
[Sun Jul  6 12:22:25 2025] install: minted.windows
[Sun Jul  6 12:22:27 2025] install: minted
[Sun Jul  6 12:22:28 2025] install: newfloat
[Sun Jul  6 12:22:32 2025] install: pgf
[Sun Jul  6 12:22:33 2025] install: pgfopts
[Sun Jul  6 12:22:35 2025] install: xcolor
[Sun Jul  6 12:22:35 2025] command: mktexlsr
[Sun Jul  6 12:23:30 2025] install: upquote
[Sun Jul  6 12:23:30 2025] command: mktexlsr
[Sun Jul  6 12:23:56 2025] install: lineno
[Sun Jul  6 12:23:56 2025] command: mktexlsr
[Sun Jul  6 12:24:34 2025] install: enumitem
[Sun Jul  6 12:24:34 2025] command: mktexlsr
[Sun Jul  6 12:25:38 2025] install: setspace
[Sun Jul  6 12:25:38 2025] command: mktexlsr
[Sun Jul  6 12:26:05 2025] install: caption
[Sun Jul  6 12:26:05 2025] command: mktexlsr
[Sun Jul  6 12:26:33 2025] install: environ
[Sun Jul  6 12:26:34 2025] install: trimspaces
[Sun Jul  6 12:26:34 2025] command: mktexlsr
[Sun Jul  6 12:27:00 2025] install: draftwatermark
[Sun Jul  6 12:27:00 2025] command: mktexlsr
[Sun Jul  6 12:27:28 2025] install: tcolorbox
[Sun Jul  6 12:27:28 2025] command: mktexlsr
