[Sun Jul  6 12:21:01 2025] running mktexlsr
[Sun Jul  6 12:21:01 2025] success, output:
mktexlsr: Updating C:/Users/nitron/OneDrive/Desktop/rubber/backend/texlive/texmf-local/ls-R...
mktexlsr: Updated C:/Users/nitron/OneDrive/Desktop/rubber/backend/texlive/texmf-local/ls-R.
mktexlsr: Updating C:/Users/nitron/OneDrive/Desktop/rubber/backend/texlive/texmf-config/ls-R...
mktexlsr: Updated C:/Users/nitron/OneDrive/Desktop/rubber/backend/texlive/texmf-config/ls-R.
mktexlsr: Updating C:/Users/nitron/OneDrive/Desktop/rubber/backend/texlive/texmf-var/ls-R...
mktexlsr: Updated C:/Users/nitron/OneDrive/Desktop/rubber/backend/texlive/texmf-var/ls-R.
mktexlsr: Updating C:/Users/nitron/OneDrive/Desktop/rubber/backend/texlive/texmf-dist/ls-R...
mktexlsr: Updated C:/Users/nitron/OneDrive/Desktop/rubber/backend/texlive/texmf-dist/ls-R.
mktexlsr: Done.
--end of output of mktexlsr.

[Sun Jul  6 12:21:46 2025] running mktexlsr
[Sun Jul  6 12:21:46 2025] success, output:
mktexlsr: Updating C:/Users/nitron/OneDrive/Desktop/rubber/backend/texlive/texmf-local/ls-R...
mktexlsr: Updated C:/Users/nitron/OneDrive/Desktop/rubber/backend/texlive/texmf-local/ls-R.
mktexlsr: Updating C:/Users/nitron/OneDrive/Desktop/rubber/backend/texlive/texmf-config/ls-R...
mktexlsr: Updated C:/Users/nitron/OneDrive/Desktop/rubber/backend/texlive/texmf-config/ls-R.
mktexlsr: Updating C:/Users/nitron/OneDrive/Desktop/rubber/backend/texlive/texmf-var/ls-R...
mktexlsr: Updated C:/Users/nitron/OneDrive/Desktop/rubber/backend/texlive/texmf-var/ls-R.
mktexlsr: Updating C:/Users/nitron/OneDrive/Desktop/rubber/backend/texlive/texmf-dist/ls-R...
mktexlsr: Updated C:/Users/nitron/OneDrive/Desktop/rubber/backend/texlive/texmf-dist/ls-R.
mktexlsr: Done.
--end of output of mktexlsr.

[Sun Jul  6 12:22:35 2025] running mktexlsr
[Sun Jul  6 12:22:35 2025] success, output:
mktexlsr: Updating C:/Users/nitron/OneDrive/Desktop/rubber/backend/texlive/texmf-local/ls-R...
mktexlsr: Updated C:/Users/nitron/OneDrive/Desktop/rubber/backend/texlive/texmf-local/ls-R.
mktexlsr: Updating C:/Users/nitron/OneDrive/Desktop/rubber/backend/texlive/texmf-config/ls-R...
mktexlsr: Updated C:/Users/nitron/OneDrive/Desktop/rubber/backend/texlive/texmf-config/ls-R.
mktexlsr: Updating C:/Users/nitron/OneDrive/Desktop/rubber/backend/texlive/texmf-var/ls-R...
mktexlsr: Updated C:/Users/nitron/OneDrive/Desktop/rubber/backend/texlive/texmf-var/ls-R.
mktexlsr: Updating C:/Users/nitron/OneDrive/Desktop/rubber/backend/texlive/texmf-dist/ls-R...
mktexlsr: Updated C:/Users/nitron/OneDrive/Desktop/rubber/backend/texlive/texmf-dist/ls-R.
mktexlsr: Done.
--end of output of mktexlsr.

[Sun Jul  6 12:23:30 2025] running mktexlsr
[Sun Jul  6 12:23:31 2025] success, output:
mktexlsr: Updating C:/Users/nitron/OneDrive/Desktop/rubber/backend/texlive/texmf-local/ls-R...
mktexlsr: Updated C:/Users/nitron/OneDrive/Desktop/rubber/backend/texlive/texmf-local/ls-R.
mktexlsr: Updating C:/Users/nitron/OneDrive/Desktop/rubber/backend/texlive/texmf-config/ls-R...
mktexlsr: Updated C:/Users/nitron/OneDrive/Desktop/rubber/backend/texlive/texmf-config/ls-R.
mktexlsr: Updating C:/Users/nitron/OneDrive/Desktop/rubber/backend/texlive/texmf-var/ls-R...
mktexlsr: Updated C:/Users/nitron/OneDrive/Desktop/rubber/backend/texlive/texmf-var/ls-R.
mktexlsr: Updating C:/Users/nitron/OneDrive/Desktop/rubber/backend/texlive/texmf-dist/ls-R...
mktexlsr: Updated C:/Users/nitron/OneDrive/Desktop/rubber/backend/texlive/texmf-dist/ls-R.
mktexlsr: Done.
--end of output of mktexlsr.

[Sun Jul  6 12:23:56 2025] running mktexlsr
[Sun Jul  6 12:23:57 2025] success, output:
mktexlsr: Updating C:/Users/nitron/OneDrive/Desktop/rubber/backend/texlive/texmf-local/ls-R...
mktexlsr: Updated C:/Users/nitron/OneDrive/Desktop/rubber/backend/texlive/texmf-local/ls-R.
mktexlsr: Updating C:/Users/nitron/OneDrive/Desktop/rubber/backend/texlive/texmf-config/ls-R...
mktexlsr: Updated C:/Users/nitron/OneDrive/Desktop/rubber/backend/texlive/texmf-config/ls-R.
mktexlsr: Updating C:/Users/nitron/OneDrive/Desktop/rubber/backend/texlive/texmf-var/ls-R...
mktexlsr: Updated C:/Users/nitron/OneDrive/Desktop/rubber/backend/texlive/texmf-var/ls-R.
mktexlsr: Updating C:/Users/nitron/OneDrive/Desktop/rubber/backend/texlive/texmf-dist/ls-R...
mktexlsr: Updated C:/Users/nitron/OneDrive/Desktop/rubber/backend/texlive/texmf-dist/ls-R.
mktexlsr: Done.
--end of output of mktexlsr.

[Sun Jul  6 12:24:34 2025] running mktexlsr
[Sun Jul  6 12:24:34 2025] success, output:
mktexlsr: Updating C:/Users/nitron/OneDrive/Desktop/rubber/backend/texlive/texmf-local/ls-R...
mktexlsr: Updated C:/Users/nitron/OneDrive/Desktop/rubber/backend/texlive/texmf-local/ls-R.
mktexlsr: Updating C:/Users/nitron/OneDrive/Desktop/rubber/backend/texlive/texmf-config/ls-R...
mktexlsr: Updated C:/Users/nitron/OneDrive/Desktop/rubber/backend/texlive/texmf-config/ls-R.
mktexlsr: Updating C:/Users/nitron/OneDrive/Desktop/rubber/backend/texlive/texmf-var/ls-R...
mktexlsr: Updated C:/Users/nitron/OneDrive/Desktop/rubber/backend/texlive/texmf-var/ls-R.
mktexlsr: Updating C:/Users/nitron/OneDrive/Desktop/rubber/backend/texlive/texmf-dist/ls-R...
mktexlsr: Updated C:/Users/nitron/OneDrive/Desktop/rubber/backend/texlive/texmf-dist/ls-R.
mktexlsr: Done.
--end of output of mktexlsr.

[Sun Jul  6 12:25:38 2025] running mktexlsr
[Sun Jul  6 12:25:39 2025] success, output:
mktexlsr: Updating C:/Users/nitron/OneDrive/Desktop/rubber/backend/texlive/texmf-local/ls-R...
mktexlsr: Updated C:/Users/nitron/OneDrive/Desktop/rubber/backend/texlive/texmf-local/ls-R.
mktexlsr: Updating C:/Users/nitron/OneDrive/Desktop/rubber/backend/texlive/texmf-config/ls-R...
mktexlsr: Updated C:/Users/nitron/OneDrive/Desktop/rubber/backend/texlive/texmf-config/ls-R.
mktexlsr: Updating C:/Users/nitron/OneDrive/Desktop/rubber/backend/texlive/texmf-var/ls-R...
mktexlsr: Updated C:/Users/nitron/OneDrive/Desktop/rubber/backend/texlive/texmf-var/ls-R.
mktexlsr: Updating C:/Users/nitron/OneDrive/Desktop/rubber/backend/texlive/texmf-dist/ls-R...
mktexlsr: Updated C:/Users/nitron/OneDrive/Desktop/rubber/backend/texlive/texmf-dist/ls-R.
mktexlsr: Done.
--end of output of mktexlsr.

[Sun Jul  6 12:26:05 2025] running mktexlsr
[Sun Jul  6 12:26:06 2025] success, output:
mktexlsr: Updating C:/Users/nitron/OneDrive/Desktop/rubber/backend/texlive/texmf-local/ls-R...
mktexlsr: Updated C:/Users/nitron/OneDrive/Desktop/rubber/backend/texlive/texmf-local/ls-R.
mktexlsr: Updating C:/Users/nitron/OneDrive/Desktop/rubber/backend/texlive/texmf-config/ls-R...
mktexlsr: Updated C:/Users/nitron/OneDrive/Desktop/rubber/backend/texlive/texmf-config/ls-R.
mktexlsr: Updating C:/Users/nitron/OneDrive/Desktop/rubber/backend/texlive/texmf-var/ls-R...
mktexlsr: Updated C:/Users/nitron/OneDrive/Desktop/rubber/backend/texlive/texmf-var/ls-R.
mktexlsr: Updating C:/Users/nitron/OneDrive/Desktop/rubber/backend/texlive/texmf-dist/ls-R...
mktexlsr: Updated C:/Users/nitron/OneDrive/Desktop/rubber/backend/texlive/texmf-dist/ls-R.
mktexlsr: Done.
--end of output of mktexlsr.

[Sun Jul  6 12:26:34 2025] running mktexlsr
[Sun Jul  6 12:26:35 2025] success, output:
mktexlsr: Updating C:/Users/nitron/OneDrive/Desktop/rubber/backend/texlive/texmf-local/ls-R...
mktexlsr: Updated C:/Users/nitron/OneDrive/Desktop/rubber/backend/texlive/texmf-local/ls-R.
mktexlsr: Updating C:/Users/nitron/OneDrive/Desktop/rubber/backend/texlive/texmf-config/ls-R...
mktexlsr: Updated C:/Users/nitron/OneDrive/Desktop/rubber/backend/texlive/texmf-config/ls-R.
mktexlsr: Updating C:/Users/nitron/OneDrive/Desktop/rubber/backend/texlive/texmf-var/ls-R...
mktexlsr: Updated C:/Users/nitron/OneDrive/Desktop/rubber/backend/texlive/texmf-var/ls-R.
mktexlsr: Updating C:/Users/nitron/OneDrive/Desktop/rubber/backend/texlive/texmf-dist/ls-R...
mktexlsr: Updated C:/Users/nitron/OneDrive/Desktop/rubber/backend/texlive/texmf-dist/ls-R.
mktexlsr: Done.
--end of output of mktexlsr.

[Sun Jul  6 12:27:00 2025] running mktexlsr
[Sun Jul  6 12:27:00 2025] success, output:
mktexlsr: Updating C:/Users/nitron/OneDrive/Desktop/rubber/backend/texlive/texmf-local/ls-R...
mktexlsr: Updated C:/Users/nitron/OneDrive/Desktop/rubber/backend/texlive/texmf-local/ls-R.
mktexlsr: Updating C:/Users/nitron/OneDrive/Desktop/rubber/backend/texlive/texmf-config/ls-R...
mktexlsr: Updated C:/Users/nitron/OneDrive/Desktop/rubber/backend/texlive/texmf-config/ls-R.
mktexlsr: Updating C:/Users/nitron/OneDrive/Desktop/rubber/backend/texlive/texmf-var/ls-R...
mktexlsr: Updated C:/Users/nitron/OneDrive/Desktop/rubber/backend/texlive/texmf-var/ls-R.
mktexlsr: Updating C:/Users/nitron/OneDrive/Desktop/rubber/backend/texlive/texmf-dist/ls-R...
mktexlsr: Updated C:/Users/nitron/OneDrive/Desktop/rubber/backend/texlive/texmf-dist/ls-R.
mktexlsr: Done.
--end of output of mktexlsr.

[Sun Jul  6 12:27:28 2025] running mktexlsr
[Sun Jul  6 12:27:29 2025] success, output:
mktexlsr: Updating C:/Users/nitron/OneDrive/Desktop/rubber/backend/texlive/texmf-local/ls-R...
mktexlsr: Updated C:/Users/nitron/OneDrive/Desktop/rubber/backend/texlive/texmf-local/ls-R.
mktexlsr: Updating C:/Users/nitron/OneDrive/Desktop/rubber/backend/texlive/texmf-config/ls-R...
mktexlsr: Updated C:/Users/nitron/OneDrive/Desktop/rubber/backend/texlive/texmf-config/ls-R.
mktexlsr: Updating C:/Users/nitron/OneDrive/Desktop/rubber/backend/texlive/texmf-var/ls-R...
mktexlsr: Updated C:/Users/nitron/OneDrive/Desktop/rubber/backend/texlive/texmf-var/ls-R.
mktexlsr: Updating C:/Users/nitron/OneDrive/Desktop/rubber/backend/texlive/texmf-dist/ls-R...
mktexlsr: Updated C:/Users/nitron/OneDrive/Desktop/rubber/backend/texlive/texmf-dist/ls-R.
mktexlsr: Done.
--end of output of mktexlsr.

