This is pdfTeX, Version 3.141592653-2.6-1.40.28 (TeX Live 2025) (INITEX)  30 JUN 2025 22:06
entering extended mode
 restricted \write18 enabled.
 %&-line parsing enabled.
 (c:/texlive/texmf-dist/web2c/cp227.tcx)
***pdflatex.ini
(c:/texlive/texmf-dist/tex/latex/tex-ini-files/pdflatex.ini
(c:/texlive/texmf-dist/tex/generic/tex-ini-files/pdftexconfig.tex)
(c:/texlive/texmf-dist/tex/latex/base/latex.ltx
(c:/texlive/texmf-dist/tex/latex/base/texsys.cfg)
\openout15 = `texsys.aux'.


./texsys.aux found


\@currdir set to: ./.


Assuming \openin and \input 
have the same search path.


Defining UNIX/DOS style filename parser.

catcodes, registers,
\@inputcheck=\read0
\@unused=\write0
\maxdimen=\dimen10
\hideskip=\skip10
\p@=\dimen11
\z@=\dimen12
\z@skip=\skip11
\voidb@x=\box10
 parameters,
\normalbaselineskip=\skip12
\normallineskip=\skip13
\normallineskiplimit=\dimen13
\interfootnotelinepenalty=\count23
\strutbox=\box11
\LaTeXReleaseInfo=\toks10

LaTeX2e <2025-06-01> patch level 1
(c:/texlive/texmf-dist/tex/latex/l3kernel/expl3.ltx
(c:/texlive/texmf-dist/tex/latex/l3kernel/expl3-code.tex
Package: expl3 2025-06-09 L3 programming layer (code)
\c_max_int=\count24
\l_tmpa_int=\count25
\l_tmpb_int=\count26
\g_tmpa_int=\count27
\g_tmpb_int=\count28
\l__seq_tmpa_int=\count29
\l__seq_tmpb_int=\count30
\g__kernel_prg_map_int=\count31
\g__prop_prefix_int=\count32
\c__ior_term_noprompt_ior=\count33
\c_log_iow=\count34
\l_iow_line_count_int=\count35
\l__iow_line_target_int=\count36
\l__iow_one_indent_int=\count37
\l__iow_indent_int=\count38
\c_zero_dim=\dimen14
\c_max_dim=\dimen15
\l_tmpa_dim=\dimen16
\l_tmpb_dim=\dimen17
\g_tmpa_dim=\dimen18
\g_tmpb_dim=\dimen19
\c_zero_skip=\skip14
\c_max_skip=\skip15
\l_tmpa_skip=\skip16
\l_tmpb_skip=\skip17
\g_tmpa_skip=\skip18
\g_tmpb_skip=\skip19
\c_zero_muskip=\muskip10
\c_max_muskip=\muskip11
\l_tmpa_muskip=\muskip12
\l_tmpb_muskip=\muskip13
\g_tmpa_muskip=\muskip14
\g_tmpb_muskip=\muskip15
\l_keys_choice_int=\count39
\l__intarray_loop_int=\count40
\c__intarray_sp_dim=\dimen20
\g__intarray_font_int=\count41
\c__fp_leading_shift_int=\count42
\c__fp_middle_shift_int=\count43
\c__fp_trailing_shift_int=\count44
\c__fp_big_leading_shift_int=\count45
\c__fp_big_middle_shift_int=\count46
\c__fp_big_trailing_shift_int=\count47
\c__fp_Bigg_leading_shift_int=\count48
\c__fp_Bigg_middle_shift_int=\count49
\c__fp_Bigg_trailing_shift_int=\count50
\c__kernel_randint_max_int=\count51
\l__fp_function_arg_int=\count52
\g__fp_array_int=\count53
\l__fp_array_loop_int=\count54
\l__bitset_tmp_int=\count55
\g__cctab_allocate_int=\count56
\l__sort_length_int=\count57
\l__sort_min_int=\count58
\l__sort_top_int=\count59
\l__sort_max_int=\count60
\l__sort_true_max_int=\count61
\l__sort_block_int=\count62
\l__sort_begin_int=\count63
\l__sort_end_int=\count64
\l__sort_A_int=\count65
\l__sort_B_int=\count66
\l__sort_C_int=\count67
\c__str_replacement_char_int=\count68
\l__str_modulo_int=\count69
\l__tl_analysis_normal_int=\count70
\l__tl_analysis_index_int=\count71
\l__tl_analysis_nesting_int=\count72
\l__tl_analysis_type_int=\count73
\l__tl_peek_charcode_int=\count74
\g__benchmark_nesting_int=\count75
\g__benchmark_duration_int=\count76
\g__benchmark_time_int=\count77
\g__benchmark_time_a_int=\count78
\g__benchmark_time_b_int=\count79
\g__benchmark_time_c_int=\count80
\g__benchmark_time_d_int=\count81
\g__benchmark_repeat_int=\count82
\g__benchmark_tictoc_int=\count83
\l__regex_tmpa_int=\count84
\l__regex_tmpb_int=\count85
\l__regex_tmpc_int=\count86
\l__regex_balance_int=\count87
\l__regex_group_level_int=\count88
\l__regex_mode_int=\count89
\c__regex_cs_in_class_mode_int=\count90
\c__regex_cs_mode_int=\count91
\l__regex_catcodes_int=\count92
\l__regex_default_catcodes_int=\count93
\c__regex_catcode_D_int=\count94
\c__regex_catcode_S_int=\count95
\c__regex_catcode_L_int=\count96
\c__regex_catcode_O_int=\count97
\c__regex_catcode_A_int=\count98
\c__regex_all_catcodes_int=\count99
\l__regex_show_lines_int=\count100
\l__regex_min_state_int=\count101
\l__regex_max_state_int=\count102
\l__regex_left_state_int=\count103
\l__regex_right_state_int=\count104
\l__regex_capturing_group_int=\count105
\g__regex_case_int=\count106
\l__regex_case_max_group_int=\count107
\l__regex_min_pos_int=\count108
\l__regex_max_pos_int=\count109
\l__regex_curr_pos_int=\count110
\l__regex_start_pos_int=\count111
\l__regex_success_pos_int=\count112
\l__regex_curr_char_int=\count113
\l__regex_curr_catcode_int=\count114
\l__regex_last_char_int=\count115
\l__regex_last_char_success_int=\count116
\l__regex_case_changed_char_int=\count117
\l__regex_curr_state_int=\count118
\l__regex_step_int=\count119
\l__regex_min_thread_int=\count120
\l__regex_max_thread_int=\count121
\l__regex_replacement_csnames_int=\count122
\l__regex_match_count_int=\count123
\l__regex_min_submatch_int=\count124
\l__regex_submatch_int=\count125
\l__regex_zeroth_submatch_int=\count126
\l__regex_added_begin_int=\count127
\l__regex_added_end_int=\count128
\g__regex_trace_regex_int=\count129
\c_empty_box=\box12
\l_tmpa_box=\box13
\l_tmpb_box=\box14
\g_tmpa_box=\box15
\g_tmpb_box=\box16
\l__box_top_dim=\dimen21
\l__box_bottom_dim=\dimen22
\l__box_left_dim=\dimen23
\l__box_right_dim=\dimen24
\l__box_top_new_dim=\dimen25
\l__box_bottom_new_dim=\dimen26
\l__box_left_new_dim=\dimen27
\l__box_right_new_dim=\dimen28
\l__box_tmp_box=\box17
\l__color_tmp_int=\count130
\g__color_model_int=\count131
\l__graphics_tmp_dim=\dimen29
\l__graphics_page_int=\count132
\l__graphics_llx_dim=\dimen30
\l__graphics_lly_dim=\dimen31
\l__graphics_urx_dim=\dimen32
\l__graphics_ury_dim=\dimen33
\l__graphics_tmp_box=\box18
\g__pdf_backend_object_int=\count133
\l__coffin_tmp_box=\box19
\l__coffin_tmp_dim=\dimen34
\l__coffin_offset_x_dim=\dimen35
\l__coffin_offset_y_dim=\dimen36
\l__coffin_x_dim=\dimen37
\l__coffin_y_dim=\dimen38
\l__coffin_x_prime_dim=\dimen39
\l__coffin_y_prime_dim=\dimen40
\c_empty_coffin=\box20
\l__coffin_aligned_coffin=\box21
\l__coffin_aligned_internal_coffin=\box22
\l_tmpa_coffin=\box23
\l_tmpb_coffin=\box24
\g_tmpa_coffin=\box25
\g_tmpb_coffin=\box26
\l__coffin_bounding_shift_dim=\dimen41
\l__coffin_left_corner_dim=\dimen42
\l__coffin_right_corner_dim=\dimen43
\l__coffin_bottom_corner_dim=\dimen44
\l__coffin_top_corner_dim=\dimen45
\l__coffin_scaled_total_height_dim=\dimen46
\l__coffin_scaled_width_dim=\dimen47
\c__coffin_empty_coffin=\box27
\l__coffin_display_coffin=\box28
\l__coffin_display_coord_coffin=\box29
\l__coffin_display_pole_coffin=\box30
\l__coffin_display_offset_dim=\dimen48
\l__coffin_display_x_dim=\dimen49
\l__coffin_display_y_dim=\dimen50
\g__codepoint_data_ior=\read1
)) hacks,
document commands,
\l__cmd_current_arg_int=\count134
\l__cmd_total_args_int=\count135
\l__cmd_mandatory_args_int=\count136
\g__cmd_grabber_int=\count137
\l__cmd_m_args_int=\count138
\l__cmd_v_nesting_int=\count139
\l__hook_labels_int=\count140
\l__hook_patch_num_args_int=\count141
 templates,
\l__template_tmp_dim=\dimen51
\l__template_tmp_int=\count142
\l__template_tmp_muskip=\muskip16
\l__template_tmp_skip=\skip20
\@tempcnta=\count143
\@tempcntb=\count144
\@tempdima=\dimen52
\@tempdimb=\dimen53
\@tempdimc=\dimen54
\@tempboxa=\box31
\@tempskipa=\skip21
\@tempskipb=\skip22
\@temptokena=\toks11
\@flushglue=\skip23
 control, par,
\everypar=\toks12
\g_para_indent_box=\box32
\g__kernel_target_int=\count145
 spacing,
\@savsk=\dimen55
\@savsf=\count146
\smallskipamount=\skip24
\medskipamount=\skip25
\bigskipamount=\skip26
\sp@ce@skip=\skip27
\fill=\skip28
 files,
\@mainaux=\write1
\@partaux=\write2
\@clubpenalty=\count147
LaTeX Info: Redefining \IfFileExists on input line 9544.
 font encodings,
lengths, NFSS base,
\everymath=\toks13
\everydisplay=\toks14
\@math@level=\count148
 NFSS axes,
\series@check@toks=\toks15
 NFSS tracing,
\every@math@size=\toks16
\lower@bound=\dimen56
\upper@bound=\dimen57
 NFSS declarative interface,
\c@localmathalphabets=\count149

NFSS initialization,
\c@mv@normal=\count150
\c@mv@bold=\count151

====================================

Local config file fonttext.cfg used

====================================
(c:/texlive/texmf-dist/tex/latex/base/fonttext.cfg
File: fonttext.cfg 2024/11/19 v3.0l LaTeX Kernel (Uncustomized text font setup)
 

(c:/texlive/texmf-dist/tex/latex/base/fonttext.ltx
File: fonttext.ltx 2024/11/19 v3.0l LaTeX Kernel (Text font setup) 

=== Don't modify this file, use a .cfg file instead ===

(c:/texlive/texmf-dist/tex/latex/base/omlenc.def
File: omlenc.def 2024/12/21 v2.1c Standard LaTeX file
)
(c:/texlive/texmf-dist/tex/latex/base/omsenc.def
File: omsenc.def 2024/12/21 v2.1c Standard LaTeX file
)
(c:/texlive/texmf-dist/tex/latex/base/ot1enc.def
File: ot1enc.def 2024/12/21 v2.1c Standard LaTeX file
)
(c:/texlive/texmf-dist/tex/latex/base/t1enc.def
File: t1enc.def 2024/12/21 v2.1c Standard LaTeX file
)
(c:/texlive/texmf-dist/tex/latex/base/ts1enc.def
File: ts1enc.def 2001/06/05 v3.0e (jk/car/fm) Standard LaTeX file
)
LaTeX Font Info:    Trying to load font information for TS1+cmr on input line 5
5.

(c:/texlive/texmf-dist/tex/latex/base/ts1cmr.fd
File: ts1cmr.fd 2024/11/19 v2.5n Standard LaTeX font definitions
LaTeX Font Info:    Setting cmr sub-encoding to TS1/0 on input line 63.
)
(c:/texlive/texmf-dist/tex/latex/base/t1cmr.fd
File: t1cmr.fd 2024/11/19 v2.5n Standard LaTeX font definitions
)
(c:/texlive/texmf-dist/tex/latex/base/ot1cmr.fd
File: ot1cmr.fd 2024/11/19 v2.5n Standard LaTeX font definitions
)
(c:/texlive/texmf-dist/tex/latex/base/ts1cmr.fd
File: ts1cmr.fd 2024/11/19 v2.5n Standard LaTeX font definitions
LaTeX Font Info:    Changing cmr sub-encoding to TS1/0 on input line 63.
)
(c:/texlive/texmf-dist/tex/latex/base/t1cmss.fd
File: t1cmss.fd 2024/11/19 v2.5n Standard LaTeX font definitions
)
(c:/texlive/texmf-dist/tex/latex/base/t1cmtt.fd
File: t1cmtt.fd 2024/11/19 v2.5n Standard LaTeX font definitions
)
(c:/texlive/texmf-dist/tex/latex/base/ot1cmss.fd
File: ot1cmss.fd 2024/11/19 v2.5n Standard LaTeX font definitions
)
(c:/texlive/texmf-dist/tex/latex/base/ot1cmtt.fd
File: ot1cmtt.fd 2024/11/19 v2.5n Standard LaTeX font definitions
)
(c:/texlive/texmf-dist/tex/latex/base/ts1cmss.fd
File: ts1cmss.fd 2024/11/19 v2.5n Standard LaTeX font definitions
LaTeX Font Info:    Setting cmss sub-encoding to TS1/0 on input line 61.
)
(c:/texlive/texmf-dist/tex/latex/base/ts1cmtt.fd
File: ts1cmtt.fd 2024/11/19 v2.5n Standard LaTeX font definitions
LaTeX Font Info:    Setting cmtt sub-encoding to TS1/0 on input line 59.
)))
====================================

Local config file fontmath.cfg used

====================================
(c:/texlive/texmf-dist/tex/latex/base/fontmath.cfg
File: fontmath.cfg 2024/11/19 v3.0l LaTeX Kernel (Uncustomized math font setup)
 

(c:/texlive/texmf-dist/tex/latex/base/fontmath.ltx
File: fontmath.ltx 2024/11/19 v3.0l LaTeX Kernel (Math font setup) 

=== Don't modify this file, use a .cfg file instead ===

LaTeX Font Info:    Redeclaring font encoding OML on input line 44.
LaTeX Font Info:    Redeclaring font encoding OMS on input line 45.
(c:/texlive/texmf-dist/tex/latex/base/omlcmm.fd
File: omlcmm.fd 2024/11/19 v2.5n Standard LaTeX font definitions
)
(c:/texlive/texmf-dist/tex/latex/base/omscmsy.fd
File: omscmsy.fd 2024/11/19 v2.5n Standard LaTeX font definitions
)
(c:/texlive/texmf-dist/tex/latex/base/omxcmex.fd
File: omxcmex.fd 2024/11/19 v2.5n Standard LaTeX font definitions
)
(c:/texlive/texmf-dist/tex/latex/base/ucmr.fd
File: ucmr.fd 2024/11/19 v2.5n Standard LaTeX font definitions
)
\symoperators=\mathgroup0
\symletters=\mathgroup1
\symsymbols=\mathgroup2
\symlargesymbols=\mathgroup3
LaTeX Font Info:    Overwriting symbol font `operators' in version `bold'
(Font)                  OT1/cmr/m/n --> OT1/cmr/bx/n on input line 63.
LaTeX Font Info:    Overwriting symbol font `letters' in version `bold'
(Font)                  OML/cmm/m/it --> OML/cmm/b/it on input line 64.
LaTeX Font Info:    Overwriting symbol font `symbols' in version `bold'
(Font)                  OMS/cmsy/m/n --> OMS/cmsy/b/n on input line 65.
LaTeX Font Info:    Overwriting math alphabet `\mathsf' in version `bold'
(Font)                  OT1/cmss/m/n --> OT1/cmss/bx/n on input line 73.
LaTeX Font Info:    Overwriting math alphabet `\mathit' in version `bold'
(Font)                  OT1/cmr/m/it --> OT1/cmr/bx/it on input line 74.
))
====================================

Local config file preload.cfg used

=====================================
(c:/texlive/texmf-dist/tex/latex/base/preload.cfg
File: preload.cfg 2024/11/19 v3.0l LaTeX Kernel (Uncustomized preload font setu
p) 

(c:/texlive/texmf-dist/tex/latex/base/preload.ltx
File: preload.ltx 2021/10/04 v2.1g LaTeX Kernel (Font Preloading)
))
LaTeX Encoding Info:    Redeclaring text command \textdollar (encoding ?) on in
put line 14246.
LaTeX Encoding Info:    Undeclare text command \textdollar (encoding OT1) on in
put line 14247.
LaTeX Encoding Info:    Redeclaring text command \textsterling (encoding ?) on 
input line 14248.
LaTeX Encoding Info:    Undeclare text command \textsterling (encoding OT1) on 
input line 14249.
LaTeX Encoding Info:    Undeclare text command \textperthousand (encoding T1) o
n input line 14251.
LaTeX Encoding Info:    Redeclaring text command \textasteriskcentered (encodin
g ?) on input line 14252.
LaTeX Encoding Info:    Redeclaring text command \textbullet (encoding ?) on in
put line 14253.
LaTeX Encoding Info:    Redeclaring text command \textdaggerdbl (encoding ?) on
 input line 14254.
LaTeX Encoding Info:    Redeclaring text command \textdagger (encoding ?) on in
put line 14255.
LaTeX Encoding Info:    Redeclaring text command \textparagraph (encoding ?) on
 input line 14256.
LaTeX Encoding Info:    Redeclaring text command \textperiodcentered (encoding 
?) on input line 14257.
LaTeX Encoding Info:    Redeclaring text command \textsection (encoding ?) on i
nput line 14258.
LaTeX Encoding Info:    Redeclaring text command \textcopyright (encoding ?) on
 input line 14263.
LaTeX Encoding Info:    Redeclaring text command \textordfeminine (encoding ?) 
on input line 14270.
LaTeX Encoding Info:    Redeclaring text command \textordmasculine (encoding ?)
 on input line 14271.
LaTeX Encoding Info:    Redeclaring text command \textregistered (encoding ?) o
n input line 14276.
LaTeX Encoding Info:    Redeclaring text command \texttrademark (encoding ?) on
 input line 14281.
LaTeX Encoding Info:    Redeclaring text command \textcircled (encoding ?) on i
nput line 14287.
LaTeX Encoding Info:    Redeclaring text command \t (encoding ?) on input line 
14289.
LaTeX Encoding Info:    Undeclare text command \textpertenthousand (encoding T1
) on input line 14440.
LaTeX Encoding Info:    Redeclaring text command \textbardbl (encoding ?) on in
put line 14497.
LaTeX Font Info:    Setting ? sub-encoding to TS1/9 on input line 14520.
LaTeX Font Info:    Setting ccr sub-encoding to TS1/0 on input line 14521.
LaTeX Font Info:    Setting cmbr sub-encoding to TS1/0 on input line 14522.
LaTeX Font Info:    Setting cmtl sub-encoding to TS1/0 on input line 14523.
LaTeX Font Info:    Setting pxr sub-encoding to TS1/0 on input line 14524.
LaTeX Font Info:    Setting pxss sub-encoding to TS1/0 on input line 14525.
LaTeX Font Info:    Setting pxtt sub-encoding to TS1/0 on input line 14526.
LaTeX Font Info:    Setting qag sub-encoding to TS1/0 on input line 14527.
LaTeX Font Info:    Setting qbk sub-encoding to TS1/0 on input line 14528.
LaTeX Font Info:    Setting qcr sub-encoding to TS1/0 on input line 14529.
LaTeX Font Info:    Setting qcs sub-encoding to TS1/0 on input line 14530.
LaTeX Font Info:    Setting qhvc sub-encoding to TS1/0 on input line 14531.
LaTeX Font Info:    Setting qhv sub-encoding to TS1/0 on input line 14532.
LaTeX Font Info:    Setting qpl sub-encoding to TS1/0 on input line 14533.
LaTeX Font Info:    Setting qtm sub-encoding to TS1/0 on input line 14534.
LaTeX Font Info:    Setting qzc sub-encoding to TS1/0 on input line 14535.
LaTeX Font Info:    Setting txr sub-encoding to TS1/0 on input line 14536.
LaTeX Font Info:    Setting txss sub-encoding to TS1/0 on input line 14537.
LaTeX Font Info:    Setting txtt sub-encoding to TS1/0 on input line 14538.
LaTeX Font Info:    Setting lmr sub-encoding to TS1/1 on input line 14539.
LaTeX Font Info:    Setting lmdh sub-encoding to TS1/1 on input line 14540.
LaTeX Font Info:    Setting lmss sub-encoding to TS1/1 on input line 14541.
LaTeX Font Info:    Setting lmssq sub-encoding to TS1/1 on input line 14542.
LaTeX Font Info:    Setting lmvtt sub-encoding to TS1/1 on input line 14543.
LaTeX Font Info:    Setting lmtt sub-encoding to TS1/1 on input line 14544.
LaTeX Font Info:    Setting ptmx sub-encoding to TS1/2 on input line 14545.
LaTeX Font Info:    Setting ptmj sub-encoding to TS1/2 on input line 14546.
LaTeX Font Info:    Setting ul8 sub-encoding to TS1/2 on input line 14547.
LaTeX Font Info:    Setting bch sub-encoding to TS1/5 on input line 14548.
LaTeX Font Info:    Setting futj sub-encoding to TS1/5 on input line 14549.
LaTeX Font Info:    Setting futs sub-encoding to TS1/5 on input line 14550.
LaTeX Font Info:    Setting futx sub-encoding to TS1/5 on input line 14551.
LaTeX Font Info:    Setting pag sub-encoding to TS1/5 on input line 14552.
LaTeX Font Info:    Setting pbk sub-encoding to TS1/5 on input line 14553.
LaTeX Font Info:    Setting pcr sub-encoding to TS1/5 on input line 14554.
LaTeX Font Info:    Setting phv sub-encoding to TS1/5 on input line 14555.
LaTeX Font Info:    Setting pnc sub-encoding to TS1/5 on input line 14556.
LaTeX Font Info:    Setting pplj sub-encoding to TS1/5 on input line 14557.
LaTeX Font Info:    Setting pplx sub-encoding to TS1/5 on input line 14558.
LaTeX Font Info:    Setting ppl sub-encoding to TS1/5 on input line 14559.
LaTeX Font Info:    Setting ptm sub-encoding to TS1/5 on input line 14560.
LaTeX Font Info:    Setting pzc sub-encoding to TS1/5 on input line 14561.
LaTeX Font Info:    Setting ul9 sub-encoding to TS1/5 on input line 14562.
LaTeX Font Info:    Setting dayroms sub-encoding to TS1/6 on input line 14563.
LaTeX Font Info:    Setting dayrom sub-encoding to TS1/6 on input line 14564.
LaTeX Font Info:    Setting augie sub-encoding to TS1/8 on input line 14565.
LaTeX Font Info:    Setting put sub-encoding to TS1/8 on input line 14566.
LaTeX Font Info:    Setting uag sub-encoding to TS1/8 on input line 14567.
LaTeX Font Info:    Setting ugq sub-encoding to TS1/8 on input line 14568.
LaTeX Font Info:    Setting zi4 sub-encoding to TS1/9 on input line 14569.
LaTeX Font Info:    Setting hls sub-encoding to TS1/5 on input line 14570.
LaTeX Font Info:    Setting hlst sub-encoding to TS1/5 on input line 14571.
LaTeX Font Info:    Setting hlct sub-encoding to TS1/5 on input line 14572.
LaTeX Font Info:    Setting hlh sub-encoding to TS1/5 on input line 14573.
LaTeX Font Info:    Setting hlx sub-encoding to TS1/8 on input line 14574.
LaTeX Font Info:    Setting hlce sub-encoding to TS1/8 on input line 14575.
LaTeX Font Info:    Setting hlcn sub-encoding to TS1/8 on input line 14576.
LaTeX Font Info:    Setting hlcw sub-encoding to TS1/8 on input line 14577.
LaTeX Font Info:    Setting hlcf sub-encoding to TS1/8 on input line 14578.
LaTeX Font Info:    Setting lato-LF sub-encoding to TS1/0 on input line 14579.
LaTeX Font Info:    Setting lato-TLF sub-encoding to TS1/0 on input line 14579.

LaTeX Font Info:    Setting lato-OsF sub-encoding to TS1/0 on input line 14579.

LaTeX Font Info:    Setting lato-TOsF sub-encoding to TS1/0 on input line 14579
.
LaTeX Font Info:    Setting opensans-LF sub-encoding to TS1/0 on input line 145
80.
LaTeX Font Info:    Setting opensans-TLF sub-encoding to TS1/0 on input line 14
580.
LaTeX Font Info:    Setting opensans-OsF sub-encoding to TS1/0 on input line 14
580.
LaTeX Font Info:    Setting opensans-TOsF sub-encoding to TS1/0 on input line 1
4580.
LaTeX Font Info:    Setting cantarell-LF sub-encoding to TS1/0 on input line 14
581.
LaTeX Font Info:    Setting cantarell-TLF sub-encoding to TS1/0 on input line 1
4581.
LaTeX Font Info:    Setting cantarell-OsF sub-encoding to TS1/0 on input line 1
4581.
LaTeX Font Info:    Setting cantarell-TOsF sub-encoding to TS1/0 on input line 
14581.
LaTeX Font Info:    Setting tli sub-encoding to TS1/1 on input line 14582.
LaTeX Font Info:    Setting fbb-LF sub-encoding to TS1/2 on input line 14583.
LaTeX Font Info:    Setting fbb-TLF sub-encoding to TS1/2 on input line 14583.
LaTeX Font Info:    Setting fbb-OsF sub-encoding to TS1/2 on input line 14583.
LaTeX Font Info:    Setting fbb-TOsF sub-encoding to TS1/2 on input line 14583.

LaTeX Font Info:    Setting Alegreya-LF sub-encoding to TS1/2 on input line 145
84.
LaTeX Font Info:    Setting Alegreya-TLF sub-encoding to TS1/2 on input line 14
584.
LaTeX Font Info:    Setting Alegreya-OsF sub-encoding to TS1/2 on input line 14
584.
LaTeX Font Info:    Setting Alegreya-TOsF sub-encoding to TS1/2 on input line 1
4584.
LaTeX Font Info:    Setting AlegreyaSans-LF sub-encoding to TS1/2 on input line
 14585.
LaTeX Font Info:    Setting AlegreyaSans-TLF sub-encoding to TS1/2 on input lin
e 14585.
LaTeX Font Info:    Setting AlegreyaSans-OsF sub-encoding to TS1/2 on input lin
e 14585.
LaTeX Font Info:    Setting AlegreyaSans-TOsF sub-encoding to TS1/2 on input li
ne 14585.
LaTeX Font Info:    Setting BaskervilleF-LF sub-encoding to TS1/2 on input line
 14586.
LaTeX Font Info:    Setting BaskervilleF-TLF sub-encoding to TS1/2 on input lin
e 14586.
LaTeX Font Info:    Setting BaskervilleF-OsF sub-encoding to TS1/2 on input lin
e 14586.
LaTeX Font Info:    Setting BaskervilleF-TOsF sub-encoding to TS1/2 on input li
ne 14586.
LaTeX Font Info:    Setting DejaVuSans-TLF sub-encoding to TS1/2 on input line 
14587.
LaTeX Font Info:    Setting DejaVuSansCondensed-TLF sub-encoding to TS1/2 on in
put line 14588.
LaTeX Font Info:    Setting DejaVuSansMono-TLF sub-encoding to TS1/2 on input l
ine 14589.
LaTeX Font Info:    Setting EBGaramond-LF sub-encoding to TS1/2 on input line 1
4590.
LaTeX Font Info:    Setting EBGaramond-TLF sub-encoding to TS1/2 on input line 
14590.
LaTeX Font Info:    Setting EBGaramond-OsF sub-encoding to TS1/2 on input line 
14590.
LaTeX Font Info:    Setting EBGaramond-TOsF sub-encoding to TS1/2 on input line
 14590.
LaTeX Font Info:    Setting Merriwthr-OsF sub-encoding to TS1/2 on input line 1
4591.
LaTeX Font Info:    Setting MerriwthrSans-OsF sub-encoding to TS1/2 on input li
ne 14592.
LaTeX Font Info:    Setting Montserrat-LF sub-encoding to TS1/2 on input line 1
4593.
LaTeX Font Info:    Setting Montserrat-TLF sub-encoding to TS1/2 on input line 
14593.
LaTeX Font Info:    Setting Montserrat-OsF sub-encoding to TS1/2 on input line 
14593.
LaTeX Font Info:    Setting Montserrat-TOsF sub-encoding to TS1/2 on input line
 14593.
LaTeX Font Info:    Setting MontserratAlternates-LF sub-encoding to TS1/2 on in
put line 14594.
LaTeX Font Info:    Setting MontserratAlternates-TLF sub-encoding to TS1/2 on i
nput line 14594.
LaTeX Font Info:    Setting MontserratAlternates-OsF sub-encoding to TS1/2 on i
nput line 14594.
LaTeX Font Info:    Setting MontserratAlternates-TOsF sub-encoding to TS1/2 on 
input line 14594.
LaTeX Font Info:    Setting NotoSansMono-TLF sub-encoding to TS1/2 on input lin
e 14595.
LaTeX Font Info:    Setting NotoSansMono-TOsF sub-encoding to TS1/2 on input li
ne 14596.
LaTeX Font Info:    Setting Tempora-TLF sub-encoding to TS1/2 on input line 145
97.
LaTeX Font Info:    Setting Tempora-TOsF sub-encoding to TS1/2 on input line 14
598.
LaTeX Font Info:    Setting XCharter-TLF sub-encoding to TS1/2 on input line 14
599.
LaTeX Font Info:    Setting XCharter-TOsF sub-encoding to TS1/2 on input line 1
4600.
LaTeX Font Info:    Setting erewhon-LF sub-encoding to TS1/2 on input line 1460
1.
LaTeX Font Info:    Setting erewhon-TLF sub-encoding to TS1/2 on input line 146
01.
LaTeX Font Info:    Setting erewhon-OsF sub-encoding to TS1/2 on input line 146
01.
LaTeX Font Info:    Setting erewhon-TOsF sub-encoding to TS1/2 on input line 14
601.
LaTeX Font Info:    Setting Arimo-TLF sub-encoding to TS1/3 on input line 14602
.
LaTeX Font Info:    Setting Crlt-LF sub-encoding to TS1/3 on input line 14603.
LaTeX Font Info:    Setting Crlt-TLF sub-encoding to TS1/3 on input line 14603.

LaTeX Font Info:    Setting Crlt-OsF sub-encoding to TS1/3 on input line 14603.

LaTeX Font Info:    Setting Crlt-TOsF sub-encoding to TS1/3 on input line 14603
.
LaTeX Font Info:    Setting IBMPlexMono-TLF sub-encoding to TS1/3 on input line
 14604.
LaTeX Font Info:    Setting IBMPlexSans-TLF sub-encoding to TS1/3 on input line
 14605.
LaTeX Font Info:    Setting IBMPlexSerif-TLF sub-encoding to TS1/3 on input lin
e 14606.
LaTeX Font Info:    Setting SourceCodePro-TLF sub-encoding to TS1/3 on input li
ne 14607.
LaTeX Font Info:    Setting SourceCodePro-TOsF sub-encoding to TS1/3 on input l
ine 14608.
LaTeX Font Info:    Setting SourceSansPro-LF sub-encoding to TS1/3 on input lin
e 14609.
LaTeX Font Info:    Setting SourceSansPro-TLF sub-encoding to TS1/3 on input li
ne 14609.
LaTeX Font Info:    Setting SourceSansPro-OsF sub-encoding to TS1/3 on input li
ne 14609.
LaTeX Font Info:    Setting SourceSansPro-TOsF sub-encoding to TS1/3 on input l
ine 14609.
LaTeX Font Info:    Setting SourceSerifPro-LF sub-encoding to TS1/3 on input li
ne 14610.
LaTeX Font Info:    Setting SourceSerifPro-TLF sub-encoding to TS1/3 on input l
ine 14610.
LaTeX Font Info:    Setting SourceSerifPro-OsF sub-encoding to TS1/3 on input l
ine 14610.
LaTeX Font Info:    Setting SourceSerifPro-TOsF sub-encoding to TS1/3 on input 
line 14610.
LaTeX Font Info:    Setting Tinos-TLF sub-encoding to TS1/3 on input line 14611
.
LaTeX Font Info:    Setting AccanthisADFStdNoThree-LF sub-encoding to TS1/4 on 
input line 14612.
LaTeX Font Info:    Setting Cabin-TLF sub-encoding to TS1/4 on input line 14613
.
LaTeX Font Info:    Setting Caladea-TLF sub-encoding to TS1/4 on input line 146
14.
LaTeX Font Info:    Setting Chivo-LF sub-encoding to TS1/4 on input line 14615.

LaTeX Font Info:    Setting Chivo-TLF sub-encoding to TS1/4 on input line 14615
.
LaTeX Font Info:    Setting Chivo-OsF sub-encoding to TS1/4 on input line 14615
.
LaTeX Font Info:    Setting Chivo-TOsF sub-encoding to TS1/4 on input line 1461
5.
LaTeX Font Info:    Setting ClearSans-TLF sub-encoding to TS1/4 on input line 1
4616.
LaTeX Font Info:    Setting Coelacanth-LF sub-encoding to TS1/4 on input line 1
4617.
LaTeX Font Info:    Setting CrimsonPro-LF sub-encoding to TS1/4 on input line 1
4618.
LaTeX Font Info:    Setting CrimsonPro-TLF sub-encoding to TS1/4 on input line 
14618.
LaTeX Font Info:    Setting CrimsonPro-OsF sub-encoding to TS1/4 on input line 
14618.
LaTeX Font Info:    Setting CrimsonPro-TOsF sub-encoding to TS1/4 on input line
 14618.
LaTeX Font Info:    Setting FiraMono-TLF sub-encoding to TS1/4 on input line 14
619.
LaTeX Font Info:    Setting FiraMono-TOsF sub-encoding to TS1/4 on input line 1
4620.
LaTeX Font Info:    Setting FiraSans-LF sub-encoding to TS1/4 on input line 146
21.
LaTeX Font Info:    Setting FiraSans-TLF sub-encoding to TS1/4 on input line 14
621.
LaTeX Font Info:    Setting FiraSans-OsF sub-encoding to TS1/4 on input line 14
621.
LaTeX Font Info:    Setting FiraSans-TOsF sub-encoding to TS1/4 on input line 1
4621.
LaTeX Font Info:    Setting Go-TLF sub-encoding to TS1/4 on input line 14622.
LaTeX Font Info:    Setting GoMono-TLF sub-encoding to TS1/4 on input line 1462
3.
LaTeX Font Info:    Setting InriaSans-LF sub-encoding to TS1/4 on input line 14
624.
LaTeX Font Info:    Setting InriaSans-TLF sub-encoding to TS1/4 on input line 1
4624.
LaTeX Font Info:    Setting InriaSans-OsF sub-encoding to TS1/4 on input line 1
4624.
LaTeX Font Info:    Setting InriaSans-TOsF sub-encoding to TS1/4 on input line 
14624.
LaTeX Font Info:    Setting InriaSerif-LF sub-encoding to TS1/4 on input line 1
4625.
LaTeX Font Info:    Setting InriaSerif-TLF sub-encoding to TS1/4 on input line 
14625.
LaTeX Font Info:    Setting InriaSerif-OsF sub-encoding to TS1/4 on input line 
14625.
LaTeX Font Info:    Setting InriaSerif-TOsF sub-encoding to TS1/4 on input line
 14625.
LaTeX Font Info:    Setting LibertinusSans-LF sub-encoding to TS1/4 on input li
ne 14626.
LaTeX Font Info:    Setting LibertinusSans-TLF sub-encoding to TS1/4 on input l
ine 14626.
LaTeX Font Info:    Setting LibertinusSans-OsF sub-encoding to TS1/4 on input l
ine 14626.
LaTeX Font Info:    Setting LibertinusSans-TOsF sub-encoding to TS1/4 on input 
line 14626.
LaTeX Font Info:    Setting LibertinusSerif-LF sub-encoding to TS1/4 on input l
ine 14627.
LaTeX Font Info:    Setting LibertinusSerif-TLF sub-encoding to TS1/4 on input 
line 14627.
LaTeX Font Info:    Setting LibertinusSerif-OsF sub-encoding to TS1/4 on input 
line 14627.
LaTeX Font Info:    Setting LibertinusSerif-TOsF sub-encoding to TS1/4 on input
 line 14627.
LaTeX Font Info:    Setting LibreBodoni-TLF sub-encoding to TS1/4 on input line
 14628.
LaTeX Font Info:    Setting LibreFranklin-TLF sub-encoding to TS1/4 on input li
ne 14629.
LaTeX Font Info:    Setting LinguisticsPro-LF sub-encoding to TS1/4 on input li
ne 14630.
LaTeX Font Info:    Setting LinguisticsPro-OsF sub-encoding to TS1/4 on input l
ine 14631.
LaTeX Font Info:    Setting LinuxBiolinumT-LF sub-encoding to TS1/4 on input li
ne 14632.
LaTeX Font Info:    Setting LinuxBiolinumT-TLF sub-encoding to TS1/4 on input l
ine 14632.
LaTeX Font Info:    Setting LinuxBiolinumT-OsF sub-encoding to TS1/4 on input l
ine 14632.
LaTeX Font Info:    Setting LinuxBiolinumT-TOsF sub-encoding to TS1/4 on input 
line 14632.
LaTeX Font Info:    Setting LinuxLibertineT-LF sub-encoding to TS1/4 on input l
ine 14633.
LaTeX Font Info:    Setting LinuxLibertineT-TLF sub-encoding to TS1/4 on input 
line 14633.
LaTeX Font Info:    Setting LinuxLibertineT-OsF sub-encoding to TS1/4 on input 
line 14633.
LaTeX Font Info:    Setting LinuxLibertineT-TOsF sub-encoding to TS1/4 on input
 line 14633.
LaTeX Font Info:    Setting MintSpirit-LF sub-encoding to TS1/4 on input line 1
4634.
LaTeX Font Info:    Setting MintSpirit-TLF sub-encoding to TS1/4 on input line 
14634.
LaTeX Font Info:    Setting MintSpirit-OsF sub-encoding to TS1/4 on input line 
14634.
LaTeX Font Info:    Setting MintSpirit-TOsF sub-encoding to TS1/4 on input line
 14634.
LaTeX Font Info:    Setting MintSpiritNoTwo-LF sub-encoding to TS1/4 on input l
ine 14635.
LaTeX Font Info:    Setting MintSpiritNoTwo-TLF sub-encoding to TS1/4 on input 
line 14635.
LaTeX Font Info:    Setting MintSpiritNoTwo-OsF sub-encoding to TS1/4 on input 
line 14635.
LaTeX Font Info:    Setting MintSpiritNoTwo-TOsF sub-encoding to TS1/4 on input
 line 14635.
LaTeX Font Info:    Setting PTMono-TLF sub-encoding to TS1/4 on input line 1463
6.
LaTeX Font Info:    Setting PTSans-TLF sub-encoding to TS1/4 on input line 1463
7.
LaTeX Font Info:    Setting PTSansCaption-TLF sub-encoding to TS1/4 on input li
ne 14638.
LaTeX Font Info:    Setting PTSansNarrow-TLF sub-encoding to TS1/4 on input lin
e 14639.
LaTeX Font Info:    Setting PTSerif-TLF sub-encoding to TS1/4 on input line 146
40.
LaTeX Font Info:    Setting PTSerifCaption-TLF sub-encoding to TS1/4 on input l
ine 14641.
LaTeX Font Info:    Setting Raleway-TLF sub-encoding to TS1/4 on input line 146
42.
LaTeX Font Info:    Setting Raleway-TOsF sub-encoding to TS1/4 on input line 14
643.
LaTeX Font Info:    Setting Roboto-LF sub-encoding to TS1/4 on input line 14644
.
LaTeX Font Info:    Setting Roboto-TLF sub-encoding to TS1/4 on input line 1464
4.
LaTeX Font Info:    Setting Roboto-OsF sub-encoding to TS1/4 on input line 1464
4.
LaTeX Font Info:    Setting Roboto-TOsF sub-encoding to TS1/4 on input line 146
44.
LaTeX Font Info:    Setting RobotoMono-TLF sub-encoding to TS1/4 on input line 
14645.
LaTeX Font Info:    Setting RobotoSlab-TLF sub-encoding to TS1/4 on input line 
14646.
LaTeX Font Info:    Setting Rosario-LF sub-encoding to TS1/4 on input line 1464
7.
LaTeX Font Info:    Setting Rosario-TLF sub-encoding to TS1/4 on input line 146
47.
LaTeX Font Info:    Setting Rosario-OsF sub-encoding to TS1/4 on input line 146
47.
LaTeX Font Info:    Setting Rosario-TOsF sub-encoding to TS1/4 on input line 14
647.
LaTeX Font Info:    Setting SticksTooText-LF sub-encoding to TS1/4 on input lin
e 14648.
LaTeX Font Info:    Setting SticksTooText-TLF sub-encoding to TS1/4 on input li
ne 14648.
LaTeX Font Info:    Setting SticksTooText-OsF sub-encoding to TS1/4 on input li
ne 14648.
LaTeX Font Info:    Setting SticksTooText-TOsF sub-encoding to TS1/4 on input l
ine 14648.
LaTeX Font Info:    Setting UniversalisADFStd-LF sub-encoding to TS1/4 on input
 line 14649.
LaTeX Font Info:    Setting Almndr-OsF sub-encoding to TS1/5 on input line 1465
0.
LaTeX Font Info:    Setting Baskervaldx-LF sub-encoding to TS1/5 on input line 
14651.
LaTeX Font Info:    Setting Baskervaldx-TLF sub-encoding to TS1/5 on input line
 14651.
LaTeX Font Info:    Setting Baskervaldx-OsF sub-encoding to TS1/5 on input line
 14651.
LaTeX Font Info:    Setting Baskervaldx-TOsF sub-encoding to TS1/5 on input lin
e 14651.
LaTeX Font Info:    Setting Bttr-TLF sub-encoding to TS1/5 on input line 14652.

LaTeX Font Info:    Setting Cinzel-LF sub-encoding to TS1/5 on input line 14653
.
LaTeX Font Info:    Setting CinzelDecorative-LF sub-encoding to TS1/5 on input 
line 14654.
LaTeX Font Info:    Setting Cochineal-LF sub-encoding to TS1/5 on input line 14
655.
LaTeX Font Info:    Setting Cochineal-TLF sub-encoding to TS1/5 on input line 1
4655.
LaTeX Font Info:    Setting Cochineal-OsF sub-encoding to TS1/5 on input line 1
4655.
LaTeX Font Info:    Setting Cochineal-TOsF sub-encoding to TS1/5 on input line 
14655.
LaTeX Font Info:    Setting DejaVuSerif-TLF sub-encoding to TS1/5 on input line
 14656.
LaTeX Font Info:    Setting DejaVuSerifCondensed-TLF sub-encoding to TS1/5 on i
nput line 14657.
LaTeX Font Info:    Setting GilliusADF-LF sub-encoding to TS1/5 on input line 1
4658.
LaTeX Font Info:    Setting GilliusADFCond-LF sub-encoding to TS1/5 on input li
ne 14659.
LaTeX Font Info:    Setting GilliusADFNoTwo-LF sub-encoding to TS1/5 on input l
ine 14660.
LaTeX Font Info:    Setting GilliusADFNoTwoCond-LF sub-encoding to TS1/5 on inp
ut line 14661.
LaTeX Font Info:    Setting OldStandard-TLF sub-encoding to TS1/5 on input line
 14662.
LaTeX Font Info:    Setting PlyfrDisplay-TLF sub-encoding to TS1/5 on input lin
e 14663.
LaTeX Font Info:    Setting PlyfrDisplay-TOsF sub-encoding to TS1/5 on input li
ne 14664.
LaTeX Font Info:    Setting TheanoDidot-TLF sub-encoding to TS1/5 on input line
 14665.
LaTeX Font Info:    Setting TheanoDidot-TOsF sub-encoding to TS1/5 on input lin
e 14666.
LaTeX Font Info:    Setting TheanoModern-TLF sub-encoding to TS1/5 on input lin
e 14667.
LaTeX Font Info:    Setting TheanoModern-TOsF sub-encoding to TS1/5 on input li
ne 14668.
LaTeX Font Info:    Setting TheanoOldStyle-TLF sub-encoding to TS1/5 on input l
ine 14669.
LaTeX Font Info:    Setting TheanoOldStyle-TOsF sub-encoding to TS1/5 on input 
line 14670.
LaTeX Font Info:    Setting charssil-TLF sub-encoding to TS1/5 on input line 14
671.
LaTeX Font Info:    Setting Crimson-TLF sub-encoding to TS1/6 on input line 146
72.
LaTeX Font Info:    Setting LibertinusSerifDisplay-LF sub-encoding to TS1/6 on 
input line 14673.
LaTeX Font Info:    Setting LinuxLibertineDisplayT-LF sub-encoding to TS1/6 on 
input line 14674.
LaTeX Font Info:    Setting LinuxLibertineDisplayT-TLF sub-encoding to TS1/6 on
 input line 14674.
LaTeX Font Info:    Setting LinuxLibertineDisplayT-OsF sub-encoding to TS1/6 on
 input line 14674.
LaTeX Font Info:    Setting LinuxLibertineDisplayT-TOsF sub-encoding to TS1/6 o
n input line 14674.
LaTeX Font Info:    Setting LinuxLibertineMonoT-LF sub-encoding to TS1/6 on inp
ut line 14675.
LaTeX Font Info:    Setting LinuxLibertineMonoT-TLF sub-encoding to TS1/6 on in
put line 14676.
LaTeX Font Info:    Setting Ovrlck-LF sub-encoding to TS1/6 on input line 14677
.
LaTeX Font Info:    Setting ComicNeue-TLF sub-encoding to TS1/7 on input line 1
4678.
LaTeX Font Info:    Setting ComicNeueAngular-TLF sub-encoding to TS1/7 on input
 line 14679.
LaTeX Font Info:    Setting CormorantGaramond-LF sub-encoding to TS1/7 on input
 line 14680.
LaTeX Font Info:    Setting CormorantGaramond-TLF sub-encoding to TS1/7 on inpu
t line 14680.
LaTeX Font Info:    Setting CormorantGaramond-OsF sub-encoding to TS1/7 on inpu
t line 14680.
LaTeX Font Info:    Setting CormorantGaramond-TOsF sub-encoding to TS1/7 on inp
ut line 14680.
LaTeX Font Info:    Setting Heuristica-TLF sub-encoding to TS1/7 on input line 
14681.
LaTeX Font Info:    Setting Heuristica-TOsF sub-encoding to TS1/7 on input line
 14682.
LaTeX Font Info:    Setting IMFELLEnglish-TLF sub-encoding to TS1/7 on input li
ne 14683.
LaTeX Font Info:    Setting LibreBskrvl-TLF sub-encoding to TS1/7 on input line
 14684.
LaTeX Font Info:    Setting LibreCsln-LF sub-encoding to TS1/7 on input line 14
685.
LaTeX Font Info:    Setting LibreCsln-TLF sub-encoding to TS1/7 on input line 1
4685.
LaTeX Font Info:    Setting LibreCsln-OsF sub-encoding to TS1/7 on input line 1
4685.
LaTeX Font Info:    Setting LibreCsln-TOsF sub-encoding to TS1/7 on input line 
14685.
LaTeX Font Info:    Setting Lbstr-LF sub-encoding to TS1/7 on input line 14686.

LaTeX Font Info:    Setting Mrcls-LF sub-encoding to TS1/7 on input line 14687.

LaTeX Font Info:    Setting NotoSans-LF sub-encoding to TS1/7 on input line 146
88.
LaTeX Font Info:    Setting NotoSans-TLF sub-encoding to TS1/7 on input line 14
688.
LaTeX Font Info:    Setting NotoSans-OsF sub-encoding to TS1/7 on input line 14
688.
LaTeX Font Info:    Setting NotoSans-TOsF sub-encoding to TS1/7 on input line 1
4688.
LaTeX Font Info:    Setting NotoSerif-LF sub-encoding to TS1/7 on input line 14
689.
LaTeX Font Info:    Setting NotoSerif-TLF sub-encoding to TS1/7 on input line 1
4689.
LaTeX Font Info:    Setting NotoSerif-OsF sub-encoding to TS1/7 on input line 1
4689.
LaTeX Font Info:    Setting NotoSerif-TOsF sub-encoding to TS1/7 on input line 
14689.
LaTeX Font Info:    Setting Quattro-LF sub-encoding to TS1/7 on input line 1469
0.
LaTeX Font Info:    Setting QuattroSans-LF sub-encoding to TS1/7 on input line 
14691.
LaTeX Font Info:    Setting Frm-LF sub-encoding to TS1/7 on input line 14692.
LaTeX Font Info:    Setting LibertinusMono-TLF sub-encoding to TS1/8 on input l
ine 14693.
LaTeX Font Info:    Setting AlgolRevived-TLF sub-encoding to TS1/9 on input lin
e 14694.
 page nos., x-ref,
environments, center,
\@rightskip=\skip29
 verbatim,
\@verbvisiblespacebox=\box33
 math definitions,
\jot=\dimen58
\interdisplaylinepenalty=\count152
\rootbox=\box34
LaTeX Info: Redefining \: on input line 15512.
\c@equation=\count153
\@eqcnt=\count154
\@eqpen=\count155
\@centering=\skip30
\topsep=\skip31
\partopsep=\skip32
\itemsep=\skip33
\parsep=\skip34
\@topsep=\skip35
\@topsepadd=\skip36
\@outerparskip=\skip37
\leftmargin=\dimen59
\rightmargin=\dimen60
\listparindent=\dimen61
\itemindent=\dimen62
\labelwidth=\dimen63
\labelsep=\dimen64
\linewidth=\dimen65
\@totalleftmargin=\dimen66
\leftmargini=\dimen67
\leftmarginii=\dimen68
\leftmarginiii=\dimen69
\leftmarginiv=\dimen70
\leftmarginv=\dimen71
\leftmarginvi=\dimen72
\@listdepth=\count156
\@itempenalty=\count157
\@beginparpenalty=\count158
\@endparpenalty=\count159
\@labels=\box35
\par@deathcycles=\count160
\@enumdepth=\count161
\c@enumi=\count162
\c@enumii=\count163
\c@enumiii=\count164
\c@enumiv=\count165
\@itemdepth=\count166
 boxes,
\fboxrule=\dimen73
\fboxsep=\dimen74
\@mplistdepth=\count167
\@mpfootins=\insert254
LaTeX Info: Redefining \underline on input line 16206.
\@gtempa=\dimen75
\@gtempa=\dimen76
\@gtempa=\dimen77
\@gtempa=\dimen78
\@gtempa=\dimen79
\@gtempa=\dimen80
\@gtempa=\dimen81
\@gtempa=\dimen82
\@gtempa=\dimen83
\@gtempa=\dimen84
\@gtempa=\dimen85
\@gtempa=\dimen86
\@gtempa=\dimen87
\@gtempa=\dimen88
\@nxttabmar=\count168
\@curtabmar=\count169
\@curtab=\count170
\@hightab=\count171
\@tabpush=\count172
\@curline=\box36
\@curfield=\box37
\@tabfbox=\box38
\tabbingsep=\dimen89
\@chclass=\count173
\@lastchclass=\count174
\@chnum=\count175
\arraycolsep=\dimen90
\tabcolsep=\dimen91
\arrayrulewidth=\dimen92
\doublerulesep=\dimen93
\@arstrutbox=\box39
\@wholewidth=\dimen94
\@halfwidth=\dimen95
\unitlength=\dimen96
\@picbox=\box40
\@picht=\dimen97
\@ovxx=\dimen98
\@ovyy=\dimen99
\@ovdx=\dimen100
\@ovdy=\dimen101
\@ovro=\dimen102
\@ovri=\dimen103
\@xarg=\count176
\@yarg=\count177
\@yyarg=\count178
\@multicnt=\count179
\@xdim=\dimen104
\@ydim=\dimen105
\@linechar=\box41
\@linelen=\dimen106
\@clnwd=\dimen107
\@clnht=\dimen108
\@dashdim=\dimen109
\@dashbox=\box42
\@dashcnt=\count180
LaTeX Info: Command `\linethickness' is already robust on input line 17000.
LaTeX Info: Command `\thinlines' is already robust on input line 17006.
 title, sectioning,
\@secpenalty=\count181
\c@secnumdepth=\count182
\c@tocdepth=\count183

contents, floats,
\@floatpenalty=\count184
 footnotes,
\footins=\insert253
\c@footnote=\count185
\c@mpfootnote=\count186
\footnotesep=\dimen110
 index, bibliography,
\l__mark_box=\box43
\l__mark_ii_box=\box44
\g__mark_int=\count187
\pkgcls@targetdate=\count188
\l_shipout_box=\box45
\l__shipout_raw_box=\box46
\l__shipout_firstpage_box=\box47
\l_shipout_box_ht_dim=\dimen111
\l_shipout_box_dp_dim=\dimen112
\l_shipout_box_wd_dim=\dimen113
\l_shipout_box_ht_plus_dp_dim=\dimen114
\l__shipout_tmp_box=\box48
\g_shipout_readonly_int=\count189
\g_shipout_totalpages_int=\count190
 output,
\bx@A=\insert252
\bx@B=\insert251
\bx@C=\insert250
\bx@D=\insert249
\bx@E=\insert248
\bx@F=\insert247
\bx@G=\insert246
\bx@H=\insert245
\bx@I=\insert244
\bx@J=\insert243
\bx@K=\insert242
\bx@L=\insert241
\bx@M=\insert240
\bx@N=\insert239
\bx@O=\insert238
\bx@P=\insert237
\bx@Q=\insert236
\bx@R=\insert235
\bx@S=\insert234
\bx@T=\insert233
\bx@U=\insert232
\bx@V=\insert231
\bx@W=\insert230
\bx@X=\insert229
\bx@Y=\insert228
\bx@Z=\insert227
\bx@AA=\insert226
\bx@BB=\insert225
\bx@CC=\insert224
\bx@DD=\insert223
\bx@EE=\insert222
\bx@FF=\insert221
\bx@GG=\insert220
\bx@HH=\insert219
\bx@II=\insert218
\bx@JJ=\insert217
\bx@KK=\insert216
\bx@LL=\insert215
\bx@MM=\insert214
\bx@NN=\insert213
\bx@OO=\insert212
\bx@PP=\insert211
\bx@QQ=\insert210
\bx@RR=\insert209
\bx@SS=\insert208
\bx@TT=\insert207
\bx@UU=\insert206
\bx@VV=\insert205
\bx@WW=\insert204
\bx@XX=\insert203
\bx@YY=\insert202
\bx@ZZ=\insert201
\topmargin=\dimen115
\oddsidemargin=\dimen116
\evensidemargin=\dimen117
\headheight=\dimen118
\headsep=\dimen119
\footskip=\dimen120
\textheight=\dimen121
\textwidth=\dimen122
\columnwidth=\dimen123
\columnsep=\dimen124
\columnseprule=\dimen125
\marginparwidth=\dimen126
\marginparsep=\dimen127
\marginparpush=\dimen128
\@begindvibox=\box49
\@maxdepth=\dimen129
\paperheight=\dimen130
\paperwidth=\dimen131
\stockheight=\dimen132
\stockwidth=\dimen133
\col@number=\count191
\@topnum=\count192
\@toproom=\dimen134
\@dbltopnum=\count193
\@dbltoproom=\dimen135
\@botnum=\count194
\@botroom=\dimen136
\@colnum=\count195
\@textmin=\dimen137
\@fpmin=\dimen138
\@colht=\dimen139
\@colroom=\dimen140
\@pageht=\dimen141
\@pagedp=\dimen142
\@mparbottom=\dimen143
\@currtype=\count196
\@outputbox=\box50
\@leftcolumn=\box51
\@holdpg=\box52
\@outputbox@depth=\dimen144
\@kludgeins=\insert200
\@fpstype=\count197
\@reqcolroom=\dimen145
\@textfloatsheight=\dimen146
\saved@reqcolroom=\dimen147
\c@topnumber=\count198
\c@bottomnumber=\count199
\c@totalnumber=\count266
\c@dbltopnumber=\count267
\floatsep=\skip38
\textfloatsep=\skip39
\intextsep=\skip40
\dblfloatsep=\skip41
\dbltextfloatsep=\skip42
\@fptop=\skip43
\@fpsep=\skip44
\@fpbot=\skip45
\@dblfptop=\skip46
\@dblfpsep=\skip47
\@dblfpbot=\skip48
\l__tag_block_flattened_level_int=\count268
\g__tbl_col_int=\count269
\g__tbl_row_int=\count270
\g__tbl_missing_cells_int=\count271
\@lowpenalty=\count272
\@medpenalty=\count273
\@highpenalty=\count274
\c__mark_class_2e-left_mark=\marks1
\c__mark_class_2e-right_mark=\marks2
\c__mark_class_2e-right-nonempty_mark=\marks3

===========================================
Local configuration file hyphen.cfg used
===========================================
(c:/texlive/texmf-dist/tex/generic/babel/hyphen.cfg
File: hyphen.cfg 2025/06/10 v25.10 Babel hyphens
\l@english=\language0

(c:/texlive/texmf-dist/tex/generic/hyphen/hyphen.tex)
\l@usenglish=\language0
\l@USenglish=\language0
\l@american=\language0
\l@dumylang=\language1

(c:/texlive/texmf-dist/tex/generic/hyphen/dumyhyph.tex)
\l@nohyphenation=\language2

(c:/texlive/texmf-dist/tex/generic/hyphen/zerohyph.tex)
\l@ukenglish=\language3

(c:/texlive/texmf-dist/tex/generic/hyph-utf8/loadhyph/loadhyph-en-gb.tex
ASCII Hyphenation patterns for British English
(c:/texlive/texmf-dist/tex/generic/hyph-utf8/patterns/tex/hyph-en-gb.tex))
\l@british=\language3
\l@UKenglish=\language3
\l@usenglishmax=\language4

(c:/texlive/texmf-dist/tex/generic/hyph-utf8/loadhyph/loadhyph-en-us.tex
ASCII Hyphenation patterns for American English
(c:/texlive/texmf-dist/tex/generic/hyph-utf8/patterns/tex/hyph-en-us.tex)))
(c:/texlive/texmf-dist/tex/generic/pdftex/glyphtounicode.tex)
(c:/texlive/texmf-dist/tex/latex/base/utf8.def
File: utf8.def 2022/06/07 v1.3c UTF-8 support
Now handling font encoding OML ...
... no UTF-8 mapping file for font encoding OML
Now handling font encoding OMS ...
... processing UTF-8 mapping file for font encoding OMS

(c:/texlive/texmf-dist/tex/latex/base/omsenc.dfu
File: omsenc.dfu 2022/06/07 v1.3c UTF-8 support
   defining Unicode char U+00A7 (decimal 167)
   defining Unicode char U+00B6 (decimal 182)
   defining Unicode char U+00B7 (decimal 183)
   defining Unicode char U+2020 (decimal 8224)
   defining Unicode char U+2021 (decimal 8225)
   defining Unicode char U+2022 (decimal 8226)
)
Now handling font encoding OT1 ...
... processing UTF-8 mapping file for font encoding OT1

(c:/texlive/texmf-dist/tex/latex/base/ot1enc.dfu
File: ot1enc.dfu 2022/06/07 v1.3c UTF-8 support
   defining Unicode char U+00A0 (decimal 160)
   defining Unicode char U+00A1 (decimal 161)
   defining Unicode char U+00A3 (decimal 163)
   defining Unicode char U+00AD (decimal 173)
   defining Unicode char U+00B8 (decimal 184)
   defining Unicode char U+00BF (decimal 191)
   defining Unicode char U+00C5 (decimal 197)
   defining Unicode char U+00C6 (decimal 198)
   defining Unicode char U+00D8 (decimal 216)
   defining Unicode char U+00DF (decimal 223)
   defining Unicode char U+00E6 (decimal 230)
   defining Unicode char U+00EC (decimal 236)
   defining Unicode char U+00ED (decimal 237)
   defining Unicode char U+00EE (decimal 238)
   defining Unicode char U+00EF (decimal 239)
   defining Unicode char U+00F8 (decimal 248)
   defining Unicode char U+0131 (decimal 305)
   defining Unicode char U+0141 (decimal 321)
   defining Unicode char U+0142 (decimal 322)
   defining Unicode char U+0152 (decimal 338)
   defining Unicode char U+0153 (decimal 339)
   defining Unicode char U+0174 (decimal 372)
   defining Unicode char U+0175 (decimal 373)
   defining Unicode char U+0176 (decimal 374)
   defining Unicode char U+0177 (decimal 375)
   defining Unicode char U+0218 (decimal 536)
   defining Unicode char U+0219 (decimal 537)
   defining Unicode char U+021A (decimal 538)
   defining Unicode char U+021B (decimal 539)
   defining Unicode char U+0237 (decimal 567)
   defining Unicode char U+2013 (decimal 8211)
   defining Unicode char U+2014 (decimal 8212)
   defining Unicode char U+2018 (decimal 8216)
   defining Unicode char U+2019 (decimal 8217)
   defining Unicode char U+201C (decimal 8220)
   defining Unicode char U+201D (decimal 8221)
   defining Unicode char U+FB00 (decimal 64256)
   defining Unicode char U+FB01 (decimal 64257)
   defining Unicode char U+FB02 (decimal 64258)
   defining Unicode char U+FB03 (decimal 64259)
   defining Unicode char U+FB04 (decimal 64260)
   defining Unicode char U+FB05 (decimal 64261)
   defining Unicode char U+FB06 (decimal 64262)
)
Now handling font encoding T1 ...
... processing UTF-8 mapping file for font encoding T1

(c:/texlive/texmf-dist/tex/latex/base/t1enc.dfu
File: t1enc.dfu 2022/06/07 v1.3c UTF-8 support
   defining Unicode char U+00A0 (decimal 160)
   defining Unicode char U+00A1 (decimal 161)
   defining Unicode char U+00A3 (decimal 163)
   defining Unicode char U+00AB (decimal 171)
   defining Unicode char U+00AD (decimal 173)
   defining Unicode char U+00BB (decimal 187)
   defining Unicode char U+00BF (decimal 191)
   defining Unicode char U+00C0 (decimal 192)
   defining Unicode char U+00C1 (decimal 193)
   defining Unicode char U+00C2 (decimal 194)
   defining Unicode char U+00C3 (decimal 195)
   defining Unicode char U+00C4 (decimal 196)
   defining Unicode char U+00C5 (decimal 197)
   defining Unicode char U+00C6 (decimal 198)
   defining Unicode char U+00C7 (decimal 199)
   defining Unicode char U+00C8 (decimal 200)
   defining Unicode char U+00C9 (decimal 201)
   defining Unicode char U+00CA (decimal 202)
   defining Unicode char U+00CB (decimal 203)
   defining Unicode char U+00CC (decimal 204)
   defining Unicode char U+00CD (decimal 205)
   defining Unicode char U+00CE (decimal 206)
   defining Unicode char U+00CF (decimal 207)
   defining Unicode char U+00D0 (decimal 208)
   defining Unicode char U+00D1 (decimal 209)
   defining Unicode char U+00D2 (decimal 210)
   defining Unicode char U+00D3 (decimal 211)
   defining Unicode char U+00D4 (decimal 212)
   defining Unicode char U+00D5 (decimal 213)
   defining Unicode char U+00D6 (decimal 214)
   defining Unicode char U+00D8 (decimal 216)
   defining Unicode char U+00D9 (decimal 217)
   defining Unicode char U+00DA (decimal 218)
   defining Unicode char U+00DB (decimal 219)
   defining Unicode char U+00DC (decimal 220)
   defining Unicode char U+00DD (decimal 221)
   defining Unicode char U+00DE (decimal 222)
   defining Unicode char U+00DF (decimal 223)
   defining Unicode char U+00E0 (decimal 224)
   defining Unicode char U+00E1 (decimal 225)
   defining Unicode char U+00E2 (decimal 226)
   defining Unicode char U+00E3 (decimal 227)
   defining Unicode char U+00E4 (decimal 228)
   defining Unicode char U+00E5 (decimal 229)
   defining Unicode char U+00E6 (decimal 230)
   defining Unicode char U+00E7 (decimal 231)
   defining Unicode char U+00E8 (decimal 232)
   defining Unicode char U+00E9 (decimal 233)
   defining Unicode char U+00EA (decimal 234)
   defining Unicode char U+00EB (decimal 235)
   defining Unicode char U+00EC (decimal 236)
   defining Unicode char U+00ED (decimal 237)
   defining Unicode char U+00EE (decimal 238)
   defining Unicode char U+00EF (decimal 239)
   defining Unicode char U+00F0 (decimal 240)
   defining Unicode char U+00F1 (decimal 241)
   defining Unicode char U+00F2 (decimal 242)
   defining Unicode char U+00F3 (decimal 243)
   defining Unicode char U+00F4 (decimal 244)
   defining Unicode char U+00F5 (decimal 245)
   defining Unicode char U+00F6 (decimal 246)
   defining Unicode char U+00F8 (decimal 248)
   defining Unicode char U+00F9 (decimal 249)
   defining Unicode char U+00FA (decimal 250)
   defining Unicode char U+00FB (decimal 251)
   defining Unicode char U+00FC (decimal 252)
   defining Unicode char U+00FD (decimal 253)
   defining Unicode char U+00FE (decimal 254)
   defining Unicode char U+00FF (decimal 255)
   defining Unicode char U+0100 (decimal 256)
   defining Unicode char U+0101 (decimal 257)
   defining Unicode char U+0102 (decimal 258)
   defining Unicode char U+0103 (decimal 259)
   defining Unicode char U+0104 (decimal 260)
   defining Unicode char U+0105 (decimal 261)
   defining Unicode char U+0106 (decimal 262)
   defining Unicode char U+0107 (decimal 263)
   defining Unicode char U+0108 (decimal 264)
   defining Unicode char U+0109 (decimal 265)
   defining Unicode char U+010A (decimal 266)
   defining Unicode char U+010B (decimal 267)
   defining Unicode char U+010C (decimal 268)
   defining Unicode char U+010D (decimal 269)
   defining Unicode char U+010E (decimal 270)
   defining Unicode char U+010F (decimal 271)
   defining Unicode char U+0110 (decimal 272)
   defining Unicode char U+0111 (decimal 273)
   defining Unicode char U+0112 (decimal 274)
   defining Unicode char U+0113 (decimal 275)
   defining Unicode char U+0114 (decimal 276)
   defining Unicode char U+0115 (decimal 277)
   defining Unicode char U+0116 (decimal 278)
   defining Unicode char U+0117 (decimal 279)
   defining Unicode char U+0118 (decimal 280)
   defining Unicode char U+0119 (decimal 281)
   defining Unicode char U+011A (decimal 282)
   defining Unicode char U+011B (decimal 283)
   defining Unicode char U+011C (decimal 284)
   defining Unicode char U+011D (decimal 285)
   defining Unicode char U+011E (decimal 286)
   defining Unicode char U+011F (decimal 287)
   defining Unicode char U+0120 (decimal 288)
   defining Unicode char U+0121 (decimal 289)
   defining Unicode char U+0122 (decimal 290)
   defining Unicode char U+0123 (decimal 291)
   defining Unicode char U+0124 (decimal 292)
   defining Unicode char U+0125 (decimal 293)
   defining Unicode char U+0128 (decimal 296)
   defining Unicode char U+0129 (decimal 297)
   defining Unicode char U+012A (decimal 298)
   defining Unicode char U+012B (decimal 299)
   defining Unicode char U+012C (decimal 300)
   defining Unicode char U+012D (decimal 301)
   defining Unicode char U+012E (decimal 302)
   defining Unicode char U+012F (decimal 303)
   defining Unicode char U+0130 (decimal 304)
   defining Unicode char U+0131 (decimal 305)
   defining Unicode char U+0132 (decimal 306)
   defining Unicode char U+0133 (decimal 307)
   defining Unicode char U+0134 (decimal 308)
   defining Unicode char U+0135 (decimal 309)
   defining Unicode char U+0136 (decimal 310)
   defining Unicode char U+0137 (decimal 311)
   defining Unicode char U+0139 (decimal 313)
   defining Unicode char U+013A (decimal 314)
   defining Unicode char U+013B (decimal 315)
   defining Unicode char U+013C (decimal 316)
   defining Unicode char U+013D (decimal 317)
   defining Unicode char U+013E (decimal 318)
   defining Unicode char U+0141 (decimal 321)
   defining Unicode char U+0142 (decimal 322)
   defining Unicode char U+0143 (decimal 323)
   defining Unicode char U+0144 (decimal 324)
   defining Unicode char U+0145 (decimal 325)
   defining Unicode char U+0146 (decimal 326)
   defining Unicode char U+0147 (decimal 327)
   defining Unicode char U+0148 (decimal 328)
   defining Unicode char U+014A (decimal 330)
   defining Unicode char U+014B (decimal 331)
   defining Unicode char U+014C (decimal 332)
   defining Unicode char U+014D (decimal 333)
   defining Unicode char U+014E (decimal 334)
   defining Unicode char U+014F (decimal 335)
   defining Unicode char U+0150 (decimal 336)
   defining Unicode char U+0151 (decimal 337)
   defining Unicode char U+0152 (decimal 338)
   defining Unicode char U+0153 (decimal 339)
   defining Unicode char U+0154 (decimal 340)
   defining Unicode char U+0155 (decimal 341)
   defining Unicode char U+0156 (decimal 342)
   defining Unicode char U+0157 (decimal 343)
   defining Unicode char U+0158 (decimal 344)
   defining Unicode char U+0159 (decimal 345)
   defining Unicode char U+015A (decimal 346)
   defining Unicode char U+015B (decimal 347)
   defining Unicode char U+015C (decimal 348)
   defining Unicode char U+015D (decimal 349)
   defining Unicode char U+015E (decimal 350)
   defining Unicode char U+015F (decimal 351)
   defining Unicode char U+0160 (decimal 352)
   defining Unicode char U+0161 (decimal 353)
   defining Unicode char U+0162 (decimal 354)
   defining Unicode char U+0163 (decimal 355)
   defining Unicode char U+0164 (decimal 356)
   defining Unicode char U+0165 (decimal 357)
   defining Unicode char U+0168 (decimal 360)
   defining Unicode char U+0169 (decimal 361)
   defining Unicode char U+016A (decimal 362)
   defining Unicode char U+016B (decimal 363)
   defining Unicode char U+016C (decimal 364)
   defining Unicode char U+016D (decimal 365)
   defining Unicode char U+016E (decimal 366)
   defining Unicode char U+016F (decimal 367)
   defining Unicode char U+0170 (decimal 368)
   defining Unicode char U+0171 (decimal 369)
   defining Unicode char U+0172 (decimal 370)
   defining Unicode char U+0173 (decimal 371)
   defining Unicode char U+0174 (decimal 372)
   defining Unicode char U+0175 (decimal 373)
   defining Unicode char U+0176 (decimal 374)
   defining Unicode char U+0177 (decimal 375)
   defining Unicode char U+0178 (decimal 376)
   defining Unicode char U+0179 (decimal 377)
   defining Unicode char U+017A (decimal 378)
   defining Unicode char U+017B (decimal 379)
   defining Unicode char U+017C (decimal 380)
   defining Unicode char U+017D (decimal 381)
   defining Unicode char U+017E (decimal 382)
   defining Unicode char U+01C4 (decimal 452)
   defining Unicode char U+01C5 (decimal 453)
   defining Unicode char U+01C6 (decimal 454)
   defining Unicode char U+01C7 (decimal 455)
   defining Unicode char U+01C8 (decimal 456)
   defining Unicode char U+01C9 (decimal 457)
   defining Unicode char U+01CA (decimal 458)
   defining Unicode char U+01CB (decimal 459)
   defining Unicode char U+01CC (decimal 460)
   defining Unicode char U+01CD (decimal 461)
   defining Unicode char U+01CE (decimal 462)
   defining Unicode char U+01CF (decimal 463)
   defining Unicode char U+01D0 (decimal 464)
   defining Unicode char U+01D1 (decimal 465)
   defining Unicode char U+01D2 (decimal 466)
   defining Unicode char U+01D3 (decimal 467)
   defining Unicode char U+01D4 (decimal 468)
   defining Unicode char U+01E2 (decimal 482)
   defining Unicode char U+01E3 (decimal 483)
   defining Unicode char U+01E6 (decimal 486)
   defining Unicode char U+01E7 (decimal 487)
   defining Unicode char U+01E8 (decimal 488)
   defining Unicode char U+01E9 (decimal 489)
   defining Unicode char U+01EA (decimal 490)
   defining Unicode char U+01EB (decimal 491)
   defining Unicode char U+01F0 (decimal 496)
   defining Unicode char U+01F4 (decimal 500)
   defining Unicode char U+01F5 (decimal 501)
   defining Unicode char U+0218 (decimal 536)
   defining Unicode char U+0219 (decimal 537)
   defining Unicode char U+021A (decimal 538)
   defining Unicode char U+021B (decimal 539)
   defining Unicode char U+0232 (decimal 562)
   defining Unicode char U+0233 (decimal 563)
   defining Unicode char U+0237 (decimal 567)
   defining Unicode char U+02D9 (decimal 729)
   defining Unicode char U+02DB (decimal 731)
   defining Unicode char U+1E02 (decimal 7682)
   defining Unicode char U+1E03 (decimal 7683)
   defining Unicode char U+1E0D (decimal 7693)
   defining Unicode char U+1E1E (decimal 7710)
   defining Unicode char U+1E1F (decimal 7711)
   defining Unicode char U+1E25 (decimal 7717)
   defining Unicode char U+1E30 (decimal 7728)
   defining Unicode char U+1E31 (decimal 7729)
   defining Unicode char U+1E37 (decimal 7735)
   defining Unicode char U+1E8E (decimal 7822)
   defining Unicode char U+1E8F (decimal 7823)
   defining Unicode char U+1E43 (decimal 7747)
   defining Unicode char U+1E45 (decimal 7749)
   defining Unicode char U+1E47 (decimal 7751)
   defining Unicode char U+1E5B (decimal 7771)
   defining Unicode char U+1E63 (decimal 7779)
   defining Unicode char U+1E6D (decimal 7789)
   defining Unicode char U+1E90 (decimal 7824)
   defining Unicode char U+1E91 (decimal 7825)
   defining Unicode char U+1E9E (decimal 7838)
   defining Unicode char U+1EF2 (decimal 7922)
   defining Unicode char U+1EF3 (decimal 7923)
   defining Unicode char U+200C (decimal 8204)
   defining Unicode char U+2010 (decimal 8208)
   defining Unicode char U+2011 (decimal 8209)
   defining Unicode char U+2012 (decimal 8210)
   defining Unicode char U+2013 (decimal 8211)
   defining Unicode char U+2014 (decimal 8212)
   defining Unicode char U+2015 (decimal 8213)
   defining Unicode char U+2018 (decimal 8216)
   defining Unicode char U+2019 (decimal 8217)
   defining Unicode char U+201A (decimal 8218)
   defining Unicode char U+201C (decimal 8220)
   defining Unicode char U+201D (decimal 8221)
   defining Unicode char U+201E (decimal 8222)
   defining Unicode char U+2030 (decimal 8240)
   defining Unicode char U+2031 (decimal 8241)
   defining Unicode char U+2039 (decimal 8249)
   defining Unicode char U+203A (decimal 8250)
   defining Unicode char U+2423 (decimal 9251)
   defining Unicode char U+1E20 (decimal 7712)
   defining Unicode char U+1E21 (decimal 7713)
   defining Unicode char U+FB00 (decimal 64256)
   defining Unicode char U+FB01 (decimal 64257)
   defining Unicode char U+FB02 (decimal 64258)
   defining Unicode char U+FB03 (decimal 64259)
   defining Unicode char U+FB04 (decimal 64260)
   defining Unicode char U+FB05 (decimal 64261)
   defining Unicode char U+FB06 (decimal 64262)
)
Now handling font encoding TS1 ...
... processing UTF-8 mapping file for font encoding TS1

(c:/texlive/texmf-dist/tex/latex/base/ts1enc.dfu
File: ts1enc.dfu 2022/06/07 v1.3c UTF-8 support
   defining Unicode char U+00A2 (decimal 162)
   defining Unicode char U+00A3 (decimal 163)
   defining Unicode char U+00A4 (decimal 164)
   defining Unicode char U+00A5 (decimal 165)
   defining Unicode char U+00A6 (decimal 166)
   defining Unicode char U+00A7 (decimal 167)
   defining Unicode char U+00A8 (decimal 168)
   defining Unicode char U+00A9 (decimal 169)
   defining Unicode char U+00AA (decimal 170)
   defining Unicode char U+00AC (decimal 172)
   defining Unicode char U+00AE (decimal 174)
   defining Unicode char U+00AF (decimal 175)
   defining Unicode char U+00B0 (decimal 176)
   defining Unicode char U+00B1 (decimal 177)
   defining Unicode char U+00B2 (decimal 178)
   defining Unicode char U+00B3 (decimal 179)
   defining Unicode char U+00B4 (decimal 180)
   defining Unicode char U+00B5 (decimal 181)
   defining Unicode char U+00B6 (decimal 182)
   defining Unicode char U+00B7 (decimal 183)
   defining Unicode char U+00B9 (decimal 185)
   defining Unicode char U+00BA (decimal 186)
   defining Unicode char U+00BC (decimal 188)
   defining Unicode char U+00BD (decimal 189)
   defining Unicode char U+00BE (decimal 190)
   defining Unicode char U+00D7 (decimal 215)
   defining Unicode char U+00F7 (decimal 247)
   defining Unicode char U+0192 (decimal 402)
   defining Unicode char U+02C7 (decimal 711)
   defining Unicode char U+02D8 (decimal 728)
   defining Unicode char U+02DD (decimal 733)
   defining Unicode char U+0E3F (decimal 3647)
   defining Unicode char U+2016 (decimal 8214)
   defining Unicode char U+2020 (decimal 8224)
   defining Unicode char U+2021 (decimal 8225)
   defining Unicode char U+2022 (decimal 8226)
   defining Unicode char U+2030 (decimal 8240)
   defining Unicode char U+2031 (decimal 8241)
   defining Unicode char U+203B (decimal 8251)
   defining Unicode char U+203D (decimal 8253)
   defining Unicode char U+2044 (decimal 8260)
   defining Unicode char U+204E (decimal 8270)
   defining Unicode char U+2052 (decimal 8274)
   defining Unicode char U+20A1 (decimal 8353)
   defining Unicode char U+20A4 (decimal 8356)
   defining Unicode char U+20A6 (decimal 8358)
   defining Unicode char U+20A9 (decimal 8361)
   defining Unicode char U+20AB (decimal 8363)
   defining Unicode char U+20AC (decimal 8364)
   defining Unicode char U+20B1 (decimal 8369)
   defining Unicode char U+2103 (decimal 8451)
   defining Unicode char U+2116 (decimal 8470)
   defining Unicode char U+2117 (decimal 8471)
   defining Unicode char U+211E (decimal 8478)
   defining Unicode char U+2120 (decimal 8480)
   defining Unicode char U+2122 (decimal 8482)
   defining Unicode char U+2126 (decimal 8486)
   defining Unicode char U+2127 (decimal 8487)
   defining Unicode char U+212E (decimal 8494)
   defining Unicode char U+2190 (decimal 8592)
   defining Unicode char U+2191 (decimal 8593)
   defining Unicode char U+2192 (decimal 8594)
   defining Unicode char U+2193 (decimal 8595)
   defining Unicode char U+2329 (decimal 9001)
   defining Unicode char U+3008 (decimal 12296)
   defining Unicode char U+232A (decimal 9002)
   defining Unicode char U+3009 (decimal 12297)
   defining Unicode char U+2422 (decimal 9250)
   defining Unicode char U+25E6 (decimal 9702)
   defining Unicode char U+25EF (decimal 9711)
   defining Unicode char U+266A (decimal 9834)
   defining Unicode char U+27E8 (decimal 10216)
   defining Unicode char U+27E9 (decimal 10217)
   defining Unicode char U+FEFF (decimal 65279)
)
Now handling font encoding OMX ...
... no UTF-8 mapping file for font encoding OMX
Now handling font encoding U ...
... no UTF-8 mapping file for font encoding U
   defining Unicode char U+00A9 (decimal 169)
   defining Unicode char U+00AA (decimal 170)
   defining Unicode char U+00AE (decimal 174)
   defining Unicode char U+00BA (decimal 186)
   defining Unicode char U+02C6 (decimal 710)
   defining Unicode char U+02DC (decimal 732)
   defining Unicode char U+200C (decimal 8204)
   defining Unicode char U+2026 (decimal 8230)
   defining Unicode char U+2122 (decimal 8482)
   defining Unicode char U+2423 (decimal 9251)
   defining Unicode char U+FEFF (decimal 65279)
)
(c:/texlive/texmf-dist/tex/latex/firstaid/latex2e-first-aid-for-external-files.
ltx
File: latex2e-first-aid-for-external-files.ltx 2025/06/05 v1.1p LaTeX kernel fi
xes to external files and packages
)
 ) )
Beginning to dump on file pdflatex.fmt
 (preloaded format=pdflatex 2025.6.30)
30174 strings of total length 765714
424243 memory locations dumped; current usage is 240&385294
28410 multiletter control sequences
\font\nullfont=nullfont
\font\c__fp_exp_intarray=cmr10 at 0.00002pt
\font\c__fp_trig_intarray=cmr10 at 0.00003pt
\font\c_initex_cctab=cmr10 at 0.00005pt
\font\c_other_cctab=cmr10 at 0.00006pt
\font\c_str_cctab=cmr10 at 0.00008pt
\font\g_tmpa_cctab=cmr10 at 0.00009pt
\font\g_tmpb_cctab=cmr10 at 0.0001pt
\font\g__regex_state_active_intarray=cmr10 at 0.00012pt
\font\g__regex_thread_info_intarray=cmr10 at 0.00014pt
\font\g__regex_submatch_prev_intarray=cmr10 at 0.00015pt
\font\g__regex_submatch_begin_intarray=cmr10 at 0.00017pt
\font\g__regex_submatch_end_intarray=cmr10 at 0.00018pt
\font\g__regex_submatch_case_intarray=cmr10 at 0.0002pt
\font\g__regex_balance_intarray=cmr10 at 0.00021pt
\font\g__codepoint_category_index_intarray=cmr10 at 0.00023pt
\font\g__codepoint_grapheme_index_intarray=cmr10 at 0.00024pt
\font\g__codepoint_lowercase_index_intarray=cmr10 at 0.00026pt
\font\g__codepoint_uppercase_index_intarray=cmr10 at 0.00027pt
\font\g__codepoint_wordbreak_index_intarray=cmr10 at 0.00029pt
\font\g__codepoint_category_blocks_intarray=cmr10 at 0.0003pt
\font\g__codepoint_grapheme_blocks_intarray=cmr10 at 0.00032pt
\font\g__codepoint_lowercase_blocks_intarray=cmr10 at 0.00034pt
\font\g__codepoint_uppercase_blocks_intarray=cmr10 at 0.00035pt
\font\g__codepoint_wordbreak_blocks_intarray=cmr10 at 0.00037pt
\font\OMX/cmex/m/n/10=cmex10
\font\tenln=line10
\font\tenlnw=linew10
\font\tencirc=lcircle10
\font\tencircw=lcirclew10
\font\OT1/cmr/m/n/5=cmr5
\font\OT1/cmr/m/n/7=cmr7
\font\OT1/cmr/m/n/10=cmr10
\font\OML/cmm/m/it/5=cmmi5
\font\OML/cmm/m/it/7=cmmi7
\font\OML/cmm/m/it/10=cmmi10
\font\OMS/cmsy/m/n/5=cmsy5
\font\OMS/cmsy/m/n/7=cmsy7
\font\OMS/cmsy/m/n/10=cmsy10
\font\c_code_cctab=cmr10 at 0.00038pt
\font\c_document_cctab=cmr10 at 0.0004pt
626818 words of font info for 40 preloaded fonts
36 hyphenation exceptions
Hyphenation trie of length 20390 has 784 ops out of 35111
  377 for language 4
  224 for language 3
  2 for language 1
  181 for language 0
0 words of pdfTeX memory
0 indirect objects
No pages of output.
PDF statistics:
 0 PDF objects out of 1000 (max. 8388607)
 0 named destinations out of 1000 (max. 500000)
 1 words of extra memory for PDF output out of 10000 (max. 10000000)

# actual command line used during this run
# pdftex -ini   -jobname=pdflatex -progname=pdflatex -translate-file=cp227.tcx *pdflatex.ini <nul
